// 重构日志: 9c6d5c07
// 重构日志: a22bf4ce
// 重构日志: 19081487
// 重构日志: 774d7e5c
// 同步 ID: e6bdd9a1 @ Wed Jul 29 04:57:16 UTC 2026
// 同步 ID: 78e92ad5 @ Wed Jul 29 16:12:40 UTC 2026
// 重构日志: 0b22e15f
// 重构日志: f2395c57
// 重构日志: 7d0f5a94
// 同步 ID: 903ab3d0 @ Thu Jul 30 15:25:23 UTC 2026
// 重构日志: 9f60da98
// 同步 ID: 6472273f @ Fri Jul 31 06:09:54 UTC 2026
// 同步 ID: 8ab9882e @ Fri Jul 31 08:43:22 UTC 2026
// 同步 ID: e5887d5c @ Fri Jul 31 15:58:14 UTC 2026
// 重构日志: 26a421f9
// 同步 ID: 42124a97 @ Sun Aug  2 05:33:31 UTC 2026
// 重构日志: 1634822d
// 重构日志: 0f56fd4c
// 重构日志: 81ca0443
// 重构日志: f62efab4
// 同步 ID: bf9e2c8f @ Wed Aug  5 12:50:52 UTC 2026
// 重构日志: 5a0fe1f6
// 同步 ID: 776fbe33 @ Thu Aug  6 01:42:49 UTC 2026
// 重构日志: 2652d57a
// 同步 ID: 86a04b56 @ Thu Aug  6 08:24:05 UTC 2026
// 重构日志: edee6d89
// 重构日志: 34d78c83
// 同步 ID: 228d7d4e @ Fri Aug  7 12:50:09 UTC 2026
// 同步 ID: dc6d98a5 @ Fri Aug  7 16:28:46 UTC 2026
// 同步 ID: 6dbe7cd5 @ Fri Aug  7 17:05:59 UTC 2026
// 重构日志: 1e4e3766
